// Jest Snapshot v1, https://goo.gl/fbAQLP

exports[`ConsultationPage Component should match snapshot when loaded 1`] = `
<DocumentFragment>
  <div
    data-testid="mocked-clinical-layout"
  >
    <div
      data-testid="mocked-header"
    >
      <div
        data-testid="mocked-header-component"
      >
        Mocked Header
      </div>
    </div>
    <div
      data-testid="mocked-patient-section"
    >
      <div
        data-testid="mocked-patient-details"
      >
        Mocked PatientDetails
      </div>
    </div>
    <div
      data-testid="mocked-sidebar"
    >
      <div
        data-testid="mocked-sidebar"
      >
        <div
          data-testid="sidebar-item-notes"
        >
          Consultation Notes
        </div>
        <div
          data-testid="sidebar-item-vitals"
        >
          Vital Signs
        </div>
        <div
          data-testid="sidebar-item-medications"
        >
          Medications
        </div>
        <div
          data-testid="sidebar-item-lab-orders"
        >
          Lab Orders
        </div>
        <div
          data-testid="sidebar-item-appointments"
        >
          Appointments
        </div>
      </div>
    </div>
    <div
      data-testid="mocked-main-display"
    >
      <div
        data-testid="carbon-section"
      >
        <div
          data-testid="carbon-grid"
        >
          <div
            data-testid="carbon-column"
          >
            <div
              data-testid="mocked-allergy-table"
            >
              Mocked AllergiesTable
            </div>
            <div
              data-testid="mocked-conditions-table"
            >
              Mocked ConditionsTable
            </div>
          </div>
        </div>
      </div>
    </div>
  </div>
</DocumentFragment>
`;

exports[`ConsultationPage Component should match snapshot when loading 1`] = `
<DocumentFragment>
  <div
    data-testid="carbon-loading"
  >
    Loading...
  </div>
</DocumentFragment>
`;
