// Jest Snapshot v1, https://goo.gl/fbAQLP

exports[`HomePage Component should match snapshot when loaded 1`] = `
<DocumentFragment>
  <div
    data-testid="carbon-section"
  >
    <div
      data-testid="carbon-grid"
    >
      <div
        data-testid="carbon-column"
      >
        <div
          data-testid="mocked-patient-details"
        >
          Mocked PatientDetails
        </div>
        <div
          data-testid="mocked-allergy-table"
        >
          Mocked AllergiesTable
        </div>
        <div
          data-testid="mocked-conditions-table"
        >
          Mocked ConditionsTable
        </div>
      </div>
    </div>
  </div>
</DocumentFragment>
`;

exports[`HomePage Component should match snapshot when loading 1`] = `
<DocumentFragment>
  <div
    data-testid="carbon-loading"
  >
    Loading...
  </div>
</DocumentFragment>
`;
