// Jest Snapshot v1, https://goo.gl/fbAQLP

exports[`ConsultationPad Rendering Snapshots should match snapshot for error state 1`] = `
<div>
  <div
    data-testid="mock-action-area"
  >
    <div
      data-testid="action-area-title"
    >
      CONSULTATION_PAD_TITLE
    </div>
    <div
      data-testid="action-area-content"
    >
      <div
        data-testid="mock-basic-form"
      />
      <hr
        data-testid="mock-divider"
      />
      <div
        data-testid="mock-diagnoses-form"
      >
        <button>
          Search
        </button>
        <button>
          Select
        </button>
        <button
          data-testid="select-null-button"
        >
          Select Null
        </button>
        <button>
          Remove
        </button>
        <div
          data-testid="diagnoses-form-errors"
        />
        <div
          data-testid="diagnoses-form-loading"
        >
          Not Loading
        </div>
        <div
          data-testid="diagnoses-form-results"
        >
          0
           
          results
        </div>
        <div
          data-testid="diagnoses-form-selected"
        >
          0
           selected
        </div>
      </div>
      <hr
        data-testid="mock-divider"
      />
      <div
        data-testid="mock-allergies-form"
      >
        <div
          data-testid="allergies-form-selected"
        >
          0
           selected
        </div>
      </div>
      <hr
        data-testid="mock-divider"
      />
      <div
        data-testid="mock-investigations-form"
      >
        <div
          data-testid="investigations-form-title"
        >
          INVESTIGATIONS_FORM_TITLE
        </div>
        <div
          data-testid="investigations-search-input"
        >
          <input
            aria-label="INVESTIGATIONS_SEARCH_ARIA_LABEL"
            data-testid="investigations-search"
            placeholder="INVESTIGATIONS_SEARCH_PLACEHOLDER"
          />
        </div>
      </div>
      <hr
        data-testid="mock-divider"
      />
    </div>
    <button
      data-testid="primary-button"
    >
      CONSULTATION_PAD_DONE_BUTTON
    </button>
    <button
      data-testid="secondary-button"
    >
      CONSULTATION_PAD_CANCEL_BUTTON
    </button>
  </div>
</div>
`;

exports[`ConsultationPad Rendering Snapshots should match snapshot for loading state 1`] = `
<div>
  <div
    data-testid="mock-action-area"
  >
    <div
      data-testid="action-area-title"
    >
      CONSULTATION_PAD_TITLE
    </div>
    <div
      data-testid="action-area-content"
    >
      <div
        data-testid="mock-basic-form"
      />
      <hr
        data-testid="mock-divider"
      />
      <div
        data-testid="mock-diagnoses-form"
      >
        <button>
          Search
        </button>
        <button>
          Select
        </button>
        <button
          data-testid="select-null-button"
        >
          Select Null
        </button>
        <button>
          Remove
        </button>
        <div
          data-testid="diagnoses-form-errors"
        />
        <div
          data-testid="diagnoses-form-loading"
        >
          Not Loading
        </div>
        <div
          data-testid="diagnoses-form-results"
        >
          0
           
          results
        </div>
        <div
          data-testid="diagnoses-form-selected"
        >
          0
           selected
        </div>
      </div>
      <hr
        data-testid="mock-divider"
      />
      <div
        data-testid="mock-allergies-form"
      >
        <div
          data-testid="allergies-form-selected"
        >
          0
           selected
        </div>
      </div>
      <hr
        data-testid="mock-divider"
      />
      <div
        data-testid="mock-investigations-form"
      >
        <div
          data-testid="investigations-form-title"
        >
          INVESTIGATIONS_FORM_TITLE
        </div>
        <div
          data-testid="investigations-search-input"
        >
          <input
            aria-label="INVESTIGATIONS_SEARCH_ARIA_LABEL"
            data-testid="investigations-search"
            placeholder="INVESTIGATIONS_SEARCH_PLACEHOLDER"
          />
        </div>
      </div>
      <hr
        data-testid="mock-divider"
      />
    </div>
    <button
      data-testid="primary-button"
    >
      CONSULTATION_PAD_DONE_BUTTON
    </button>
    <button
      data-testid="secondary-button"
    >
      CONSULTATION_PAD_CANCEL_BUTTON
    </button>
  </div>
</div>
`;

exports[`ConsultationPad Rendering Snapshots should match snapshot for normal state 1`] = `
<div>
  <div
    data-testid="mock-action-area"
  >
    <div
      data-testid="action-area-title"
    >
      CONSULTATION_PAD_TITLE
    </div>
    <div
      data-testid="action-area-content"
    >
      <div
        data-testid="mock-basic-form"
      />
      <hr
        data-testid="mock-divider"
      />
      <div
        data-testid="mock-diagnoses-form"
      >
        <button>
          Search
        </button>
        <button>
          Select
        </button>
        <button
          data-testid="select-null-button"
        >
          Select Null
        </button>
        <button>
          Remove
        </button>
        <div
          data-testid="diagnoses-form-errors"
        />
        <div
          data-testid="diagnoses-form-loading"
        >
          Not Loading
        </div>
        <div
          data-testid="diagnoses-form-results"
        >
          0
           
          results
        </div>
        <div
          data-testid="diagnoses-form-selected"
        >
          0
           selected
        </div>
      </div>
      <hr
        data-testid="mock-divider"
      />
      <div
        data-testid="mock-allergies-form"
      >
        <div
          data-testid="allergies-form-selected"
        >
          0
           selected
        </div>
      </div>
      <hr
        data-testid="mock-divider"
      />
      <div
        data-testid="mock-investigations-form"
      >
        <div
          data-testid="investigations-form-title"
        >
          INVESTIGATIONS_FORM_TITLE
        </div>
        <div
          data-testid="investigations-search-input"
        >
          <input
            aria-label="INVESTIGATIONS_SEARCH_ARIA_LABEL"
            data-testid="investigations-search"
            placeholder="INVESTIGATIONS_SEARCH_PLACEHOLDER"
          />
        </div>
      </div>
      <hr
        data-testid="mock-divider"
      />
    </div>
    <button
      data-testid="primary-button"
    >
      CONSULTATION_PAD_DONE_BUTTON
    </button>
    <button
      data-testid="secondary-button"
    >
      CONSULTATION_PAD_CANCEL_BUTTON
    </button>
  </div>
</div>
`;
