// Jest Snapshot v1, https://goo.gl/fbAQLP

exports[`BasicForm Rendering should match snapshot 1`] = `
<div>
  <div
    class="cds--css-grid"
  >
    <div
      class="cds--sm:col-span-4 cds--md:col-span-8 cds--lg:col-span-5 cds--css-grid-column"
      xl="12"
    >
      <div
        class="cds--dropdown__wrapper cds--list-box__wrapper cds--dropdown__wrapper--inline cds--list-box__wrapper--inline"
      >
        <label
          class="cds--label cds--label--disabled"
          for="downshift-«r2»-toggle-button"
          id="downshift-«r2»-label"
        >
          LOCATION
        </label>
        <div
          class="cds--dropdown cds--dropdown--inline cds--dropdown--disabled cds--dropdown--md cds--list-box cds--list-box--md"
          id="location-dropdown"
        >
          <button
            aria-activedescendant=""
            aria-controls="downshift-«r2»-menu"
            aria-expanded="false"
            aria-haspopup="listbox"
            aria-labelledby="downshift-«r2»-label"
            class="cds--list-box__field"
            disabled=""
            id="downshift-«r2»-toggle-button"
            role="combobox"
            tabindex="0"
            title="Location 1"
            type="button"
          >
            <span
              class="cds--list-box__label"
            >
              Location 1
            </span>
            <div
              class="cds--list-box__menu-icon"
            >
              <svg
                aria-label="Open menu"
                fill="currentColor"
                focusable="false"
                height="16"
                name="chevron--down"
                preserveAspectRatio="xMidYMid meet"
                role="img"
                viewBox="0 0 16 16"
                width="16"
                xmlns="http://www.w3.org/2000/svg"
              >
                <path
                  d="M8 11L3 6 3.7 5.3 8 9.6 12.3 5.3 13 6z"
                />
                <title>
                  Open menu
                </title>
              </svg>
            </div>
          </button>
          <ul
            aria-labelledby="downshift-«r2»-label"
            class="cds--list-box__menu"
            id="downshift-«r2»-menu"
            role="listbox"
          />
        </div>
      </div>
    </div>
    <div
      class="cds--sm:col-span-4 cds--md:col-span-8 cds--lg:col-span-5 cds--css-grid-column"
      xl="12"
    >
      <div
        class="cds--dropdown__wrapper cds--list-box__wrapper cds--dropdown__wrapper--inline cds--list-box__wrapper--inline"
      >
        <label
          class="cds--label cds--label--disabled"
          for="downshift-«r5»-toggle-button"
          id="downshift-«r5»-label"
        >
          ENCOUNTER_TYPE
        </label>
        <div
          class="cds--dropdown cds--dropdown--inline cds--dropdown--disabled cds--dropdown--md cds--list-box cds--list-box--md"
          id="encounter-type-dropdown"
        >
          <button
            aria-activedescendant=""
            aria-controls="downshift-«r5»-menu"
            aria-expanded="false"
            aria-haspopup="listbox"
            aria-labelledby="downshift-«r5»-label"
            class="cds--list-box__field"
            disabled=""
            id="downshift-«r5»-toggle-button"
            role="combobox"
            tabindex="0"
            title="Encounter Type 1"
            type="button"
          >
            <span
              class="cds--list-box__label"
            >
              Encounter Type 1
            </span>
            <div
              class="cds--list-box__menu-icon"
            >
              <svg
                aria-label="Open menu"
                fill="currentColor"
                focusable="false"
                height="16"
                name="chevron--down"
                preserveAspectRatio="xMidYMid meet"
                role="img"
                viewBox="0 0 16 16"
                width="16"
                xmlns="http://www.w3.org/2000/svg"
              >
                <path
                  d="M8 11L3 6 3.7 5.3 8 9.6 12.3 5.3 13 6z"
                />
                <title>
                  Open menu
                </title>
              </svg>
            </div>
          </button>
          <ul
            aria-labelledby="downshift-«r5»-label"
            class="cds--list-box__menu"
            id="downshift-«r5»-menu"
            role="listbox"
          />
        </div>
      </div>
    </div>
    <div
      class="cds--sm:col-span-4 cds--md:col-span-8 cds--lg:col-span-5 cds--css-grid-column"
    >
      <div
        class="cds--form-item"
      >
        <div
          class="cds--date-picker cds--date-picker--single"
        >
          <div
            class="cds--date-picker-container"
          >
            <label
              class="cds--label cds--label--disabled"
              dir="auto"
              for="date-picker-input"
            >
              CONSULTATION_DATE
            </label>
            <div
              class="cds--date-picker-input__wrapper"
            >
              <span>
                <input
                  aria-describedby="datepicker-input-helper-text-id-«r6»"
                  class="cds--date-picker__input cds--date-picker__input--md flatpickr-input"
                  disabled=""
                  id="date-picker-input"
                  pattern="\\d{1,2}\\/\\d{1,2}\\/\\d{4}"
                  placeholder="dd/mm/yyyy"
                  title="CONSULTATION_DATE"
                  type="text"
                  value="16/05/2025"
                />
                <svg
                  aria-hidden="true"
                  class="cds--date-picker__icon"
                  fill="currentColor"
                  focusable="false"
                  height="16"
                  preserveAspectRatio="xMidYMid meet"
                  role="img"
                  viewBox="0 0 32 32"
                  width="16"
                  xmlns="http://www.w3.org/2000/svg"
                >
                  <path
                    d="M26,4h-4V2h-2v2h-8V2h-2v2H6C4.9,4,4,4.9,4,6v20c0,1.1,0.9,2,2,2h20c1.1,0,2-0.9,2-2V6C28,4.9,27.1,4,26,4z M26,26H6V12h20 V26z M26,10H6V6h4v2h2V6h8v2h2V6h4V10z"
                  />
                </svg>
              </span>
            </div>
            <div
              class="cds--form__helper-text cds--form__helper-text--disabled"
              dir="auto"
              id="datepicker-input-helper-text-id-«r6»"
            >
              SELECT_CONSULTATION_DATE_HELPER
            </div>
          </div>
        </div>
      </div>
    </div>
    <div
      class="cds--sm:col-span-4 cds--md:col-span-8 cds--lg:col-span-5 cds--css-grid-column"
      xl="12"
    >
      <div
        class="cds--dropdown__wrapper cds--list-box__wrapper cds--dropdown__wrapper--inline cds--list-box__wrapper--inline"
      >
        <label
          class="cds--label cds--label--disabled"
          for="downshift-«r9»-toggle-button"
          id="downshift-«r9»-label"
        >
          VISIT_TYPE
        </label>
        <div
          class="cds--dropdown cds--dropdown--inline cds--dropdown--disabled cds--dropdown--md cds--list-box cds--list-box--md"
          id="visit-type-dropdown"
        >
          <button
            aria-activedescendant=""
            aria-controls="downshift-«r9»-menu"
            aria-expanded="false"
            aria-haspopup="listbox"
            aria-labelledby="downshift-«r9»-label"
            class="cds--list-box__field"
            disabled=""
            id="downshift-«r9»-toggle-button"
            role="combobox"
            tabindex="0"
            title="Visit Type 1"
            type="button"
          >
            <span
              class="cds--list-box__label"
            >
              Visit Type 1
            </span>
            <div
              class="cds--list-box__menu-icon"
            >
              <svg
                aria-label="Open menu"
                fill="currentColor"
                focusable="false"
                height="16"
                name="chevron--down"
                preserveAspectRatio="xMidYMid meet"
                role="img"
                viewBox="0 0 16 16"
                width="16"
                xmlns="http://www.w3.org/2000/svg"
              >
                <path
                  d="M8 11L3 6 3.7 5.3 8 9.6 12.3 5.3 13 6z"
                />
                <title>
                  Open menu
                </title>
              </svg>
            </div>
          </button>
          <ul
            aria-labelledby="downshift-«r9»-label"
            class="cds--list-box__menu"
            id="downshift-«r9»-menu"
            role="listbox"
          />
        </div>
      </div>
    </div>
    <div
      class="cds--sm:col-span-4 cds--md:col-span-8 cds--lg:col-span-5 cds--css-grid-column"
    >
      <div
        class="cds--dropdown__wrapper cds--list-box__wrapper cds--dropdown__wrapper--inline cds--list-box__wrapper--inline"
      >
        <label
          class="cds--label cds--label--disabled"
          for="downshift-«rc»-toggle-button"
          id="downshift-«rc»-label"
        >
          PRACTITIONER
        </label>
        <div
          class="cds--dropdown cds--dropdown--inline cds--dropdown--disabled cds--dropdown--md cds--list-box cds--list-box--md"
          id="practitioner-dropdown"
        >
          <button
            aria-activedescendant=""
            aria-controls="downshift-«rc»-menu"
            aria-expanded="false"
            aria-haspopup="listbox"
            aria-labelledby="downshift-«rc»-label"
            class="cds--list-box__field"
            disabled=""
            id="downshift-«rc»-toggle-button"
            role="combobox"
            tabindex="0"
            title="Dr. John Smith"
            type="button"
          >
            <span
              class="cds--list-box__label"
            >
              Dr. John Smith
            </span>
            <div
              class="cds--list-box__menu-icon"
            >
              <svg
                aria-label="Open menu"
                fill="currentColor"
                focusable="false"
                height="16"
                name="chevron--down"
                preserveAspectRatio="xMidYMid meet"
                role="img"
                viewBox="0 0 16 16"
                width="16"
                xmlns="http://www.w3.org/2000/svg"
              >
                <path
                  d="M8 11L3 6 3.7 5.3 8 9.6 12.3 5.3 13 6z"
                />
                <title>
                  Open menu
                </title>
              </svg>
            </div>
          </button>
          <ul
            aria-labelledby="downshift-«rc»-label"
            class="cds--list-box__menu"
            id="downshift-«rc»-menu"
            role="listbox"
          />
        </div>
      </div>
    </div>
  </div>
  <li
    class="cds--menu-item-divider"
    role="separator"
  />
</div>
`;
